// Vitest Snapshot v1, https://vitest.dev/guide/snapshot.html

exports[`Test mvp stack (dev) 1`] = `
{
  "Parameters": {
    "BootstrapVersion": {
      "Default": "/cdk-bootstrap/hnb659fds/version",
      "Description": "Version of the CDK Bootstrap resources in this environment, automatically retrieved from SSM Parameter Store. [cdk:skip]",
      "Type": "AWS::SSM::Parameter::Value<String>",
    },
  },
  "Resources": {
    "apiNoneDs2753AD49": {
      "Properties": {
        "ApiId": {
          "Fn::GetAtt": [
            "apiSomeAPI4D59EA3E",
            "ApiId",
          ],
        },
        "Name": "NoneDs",
        "Type": "NONE",
      },
      "Type": "AWS::AppSync::DataSource",
    },
    "apiSomeAPI4D59EA3E": {
      "Properties": {
        "AuthenticationType": "API_KEY",
        "Name": "SomeAPI",
      },
      "Type": "AWS::AppSync::GraphQLApi",
    },
    "apiSomeAPIDefaultApiKeyD853C696": {
      "DependsOn": [
        "apiSomeAPISchemaF217F45F",
      ],
      "Properties": {
        "ApiId": {
          "Fn::GetAtt": [
            "apiSomeAPI4D59EA3E",
            "ApiId",
          ],
        },
      },
      "Type": "AWS::AppSync::ApiKey",
    },
    "apiSomeAPIQuerytestres5A053FC2": {
      "DependsOn": [
        "apiNoneDs2753AD49",
        "apiSomeAPISchemaF217F45F",
      ],
      "Properties": {
        "ApiId": {
          "Fn::GetAtt": [
            "apiSomeAPI4D59EA3E",
            "ApiId",
          ],
        },
        "Code": "
        export function request(ctx) {
          return {};
        }
        export function response(ctx) {
          return 42;
        }",
        "DataSourceName": "NoneDs",
        "FieldName": "test",
        "Kind": "UNIT",
        "Runtime": {
          "Name": "APPSYNC_JS",
          "RuntimeVersion": "[VERSION REMOVED]",
        },
        "TypeName": "Query",
      },
      "Type": "AWS::AppSync::Resolver",
    },
    "apiSomeAPISchemaF217F45F": {
      "Properties": {
        "ApiId": {
          "Fn::GetAtt": [
            "apiSomeAPI4D59EA3E",
            "ApiId",
          ],
        },
        "Definition": "
type Query @aws_api_key {
    test: Int
}

schema {
    query: Query
}",
      },
      "Type": "AWS::AppSync::GraphQLSchema",
    },
  },
  "Rules": {
    "CheckBootstrapVersion": {
      "Assertions": [
        {
          "Assert": {
            "Fn::Not": [
              {
                "Fn::Contains": [
                  [
                    "1",
                    "2",
                    "3",
                    "4",
                    "5",
                  ],
                  {
                    "Ref": "BootstrapVersion",
                  },
                ],
              },
            ],
          },
          "AssertDescription": "CDK bootstrap stack version 6 required. Please run 'cdk bootstrap' with a recent version of the CDK CLI.",
        },
      ],
    },
  },
}
`;
